2026-09-30 15:16:24 [INFO] ============================================================
2026-09-30 15:16:24 [INFO] Iniciando o fluxo de execuções dos Parsers...
2026-09-30 15:16:24 [INFO] ============================================================
2026-09-30 15:16:24 [INFO] Iniciando a execução do script: dml/Insert_Localizacao.py
2026-09-30 15:16:29 [INFO] [Insert_Localizacao.py] Saída: Dados inseridos com sucesso!
2026-09-30 15:16:29 [INFO] Sucesso: Script dml/Insert_Localizacao.py finalizado.
2026-09-30 15:16:29 [INFO] Iniciando a execução do script: dml/Insert_Leituras_Ambiental.py
2026-09-30 15:16:33 [INFO] [Insert_Leituras_Ambiental.py] Saída: Obtendo dados tratados do Parse JSON...
Inserindo 30 registros na tabela 'qualidade_agua'...
Carga realizada com sucesso!
2026-09-30 15:16:33 [INFO] Sucesso: Script dml/Insert_Leituras_Ambiental.py finalizado.
2026-09-30 15:16:33 [INFO] Iniciando a execução do script: dml/Insert_Leituras_Meteorologica.py
2026-09-30 15:16:36 [INFO] [Insert_Leituras_Meteorologica.py] Saída: Obtendo dados do Parse JSON...
Inserindo 30 registros na tabela 'leitura_meteorologica'...
2026-09-30 15:16:36 [INFO] Sucesso: Script dml/Insert_Leituras_Meteorologica.py finalizado.
2026-09-30 15:16:36 [INFO] ============================================================
2026-09-30 15:16:36 [INFO] Todos os Parsers foram executados com SUCESSO!
2026-09-30 15:16:36 [INFO] ============================================================
2026-09-30 15:17:30 [INFO] ============================================================
2026-09-30 15:17:30 [INFO] Iniciando o fluxo de execuções dos Parsers...
2026-09-30 15:17:30 [INFO] ============================================================
2026-09-30 15:17:30 [INFO] Iniciando a execução do script: dml/Insert_Localizacao.py
2026-09-30 15:17:34 [INFO] [Insert_Localizacao.py] Saída: Dados inseridos com sucesso!
2026-09-30 15:17:34 [INFO] Sucesso: Script dml/Insert_Localizacao.py finalizado.
2026-09-30 15:17:34 [INFO] Iniciando a execução do script: dml/Insert_Leituras_Ambiental.py
2026-09-30 15:17:37 [INFO] [Insert_Leituras_Ambiental.py] Saída: Obtendo dados tratados do Parse JSON...
Inserindo 30 registros na tabela 'qualidade_agua'...
Carga realizada com sucesso!
2026-09-30 15:17:37 [INFO] Sucesso: Script dml/Insert_Leituras_Ambiental.py finalizado.
2026-09-30 15:17:37 [INFO] Iniciando a execução do script: dml/Insert_Leituras_Meteorologica.py
2026-09-30 15:17:40 [INFO] [Insert_Leituras_Meteorologica.py] Saída: Obtendo dados do Parse JSON...
Inserindo 30 registros na tabela 'leitura_meteorologica'...
2026-09-30 15:17:40 [INFO] Sucesso: Script dml/Insert_Leituras_Meteorologica.py finalizado.
2026-09-30 15:17:40 [INFO] ============================================================
2026-09-30 15:17:40 [INFO] Todos os Parsers foram executados com SUCESSO!
2026-09-30 15:17:40 [INFO] ============================================================
